// Vitest Snapshot v1, https://vitest.dev/guide/snapshot.html

exports[`scanNav > builds nav from fixture 1`] = `
[
  {
    "children": [
      {
        "icon": "pixel:play",
        "order": 0,
        "path": "/guide",
        "slug": "",
        "title": "Getting Started",
      },
      {
        "children": [
          {
            "icon": "icon-park-outline:handle-round",
            "order": 1,
            "path": "/guide/basics/lifecycle",
            "slug": "lifecycle",
            "title": "Request Lifecycle",
          },
          {
            "icon": "solar:routing-bold",
            "order": 2,
            "path": "/guide/basics/routing",
            "slug": "routing",
            "title": "Routing",
          },
          {
            "icon": "mdi:middleware-outline",
            "order": 3,
            "path": "/guide/basics/middleware",
            "slug": "middleware",
            "title": "Middleware",
          },
          {
            "icon": "mdi:function",
            "order": 4,
            "path": "/guide/basics/handler",
            "slug": "handler",
            "title": "Event Handlers",
          },
          {
            "icon": "tabler:json",
            "order": 5,
            "path": "/guide/basics/response",
            "slug": "response",
            "title": "Sending Response",
          },
          {
            "icon": "tabler:error-404",
            "order": 6,
            "path": "/guide/basics/error",
            "slug": "error",
            "title": "Error Handling",
          },
          {
            "icon": "material-symbols-light:layers-outline",
            "order": 7,
            "path": "/guide/basics/nested-apps",
            "slug": "nested-apps",
            "title": "Nested Apps",
          },
        ],
        "icon": "ph:book-open-duotone",
        "order": 1,
        "page": false,
        "path": "/guide/basics",
        "slug": "basics",
        "title": "Guide",
      },
      {
        "children": [
          {
            "icon": "material-symbols:bolt-rounded",
            "order": 1,
            "path": "/guide/api/h3",
            "slug": "h3",
            "title": "H3",
          },
          {
            "icon": "material-symbols:data-object-rounded",
            "order": 2,
            "path": "/guide/api/h3event",
            "slug": "h3event",
            "title": "H3Event",
          },
        ],
        "icon": "material-symbols-light:api-rounded",
        "order": 900,
        "page": false,
        "path": "/guide/api",
        "slug": "api",
        "title": "API",
      },
      {
        "children": [
          {
            "icon": "clarity:plugin-line",
            "order": 1,
            "path": "/guide/advanced/plugins",
            "slug": "plugins",
            "title": "Plugins",
          },
          {
            "icon": "hugeicons:live-streaming-02",
            "order": 2,
            "path": "/guide/advanced/websocket",
            "slug": "websocket",
            "title": "WebSockets",
          },
          {
            "icon": "game-icons:barn-owl",
            "order": 9,
            "path": "/guide/advanced/nightly",
            "slug": "nightly",
            "title": "Nightly Builds",
          },
        ],
        "icon": "hugeicons:more-01",
        "order": 901,
        "page": false,
        "path": "/guide/advanced",
        "slug": "advanced",
        "title": "Advanced",
      },
    ],
    "icon": "i-ph:book-open-duotone",
    "order": 1,
    "path": "/guide",
    "slug": "guide",
    "title": "Guide",
  },
  {
    "children": [
      {
        "heading": "H3 Utils",
        "icon": "pixelarticons:github",
        "order": 0,
        "path": "/utils",
        "slug": "",
        "title": "Community",
        "to": "/utils/community",
      },
      {
        "icon": "material-symbols-light:input",
        "order": 1,
        "path": "/utils/request",
        "slug": "request",
        "title": "Request",
      },
      {
        "icon": "material-symbols-light:output",
        "order": 2,
        "path": "/utils/response",
        "slug": "response",
        "title": "Response",
      },
      {
        "icon": "material-symbols:cookie-outline",
        "order": 3,
        "path": "/utils/cookie",
        "slug": "cookie",
        "title": "Cookie",
      },
      {
        "icon": "wpf:key-security",
        "order": 4,
        "path": "/utils/security",
        "slug": "security",
        "title": "Security",
      },
      {
        "icon": "arcticons:super-proxy",
        "order": 5,
        "path": "/utils/proxy",
        "slug": "proxy",
        "title": "Proxy",
      },
      {
        "icon": "mingcute:plus-line",
        "order": 9,
        "path": "/utils/more",
        "slug": "more",
        "title": "More utils",
      },
      {
        "icon": "lets-icons:external",
        "order": 99,
        "path": "/utils/community",
        "slug": "community",
        "title": "Community",
      },
    ],
    "order": 2,
    "path": "/utils",
    "slug": "utils",
    "title": "Utils",
  },
  {
    "children": [
      {
        "icon": "ph:code",
        "order": 0,
        "path": "/examples",
        "slug": "",
        "title": "Examples",
      },
      {
        "icon": "ph:arrow-right",
        "order": Infinity,
        "path": "/examples/handle-cookie",
        "slug": "handle-cookie",
        "title": "Cookies",
      },
      {
        "icon": "ph:arrow-right",
        "order": Infinity,
        "path": "/examples/handle-session",
        "slug": "handle-session",
        "title": "Sessions",
      },
      {
        "icon": "ph:arrow-right",
        "order": Infinity,
        "path": "/examples/serve-static-assets",
        "slug": "serve-static-assets",
        "title": "Static Assets",
      },
      {
        "icon": "ph:arrow-right",
        "order": Infinity,
        "path": "/examples/stream-response",
        "slug": "stream-response",
        "title": "Stream Response",
      },
      {
        "icon": "ph:arrow-right",
        "order": Infinity,
        "path": "/examples/validate-data",
        "slug": "validate-data",
        "title": "Validate Data",
      },
    ],
    "order": 4,
    "path": "/examples",
    "slug": "examples",
    "title": "Examples",
  },
  {
    "order": 5,
    "page": false,
    "path": "/migration",
    "slug": "migration",
    "title": "Migration",
  },
  {
    "children": [
      {
        "authors": [
          {
            "github": "pi0",
            "name": "Pooya Parsa",
          },
        ],
        "category": "release",
        "date": "2023-08-15",
        "order": 1,
        "path": "/blog/v1.8",
        "slug": "v1.8",
        "title": "H3 1.8 - Towards the Edge of the Web",
      },
      {
        "authors": [
          {
            "github": "pi0",
            "name": "Pooya Parsa",
          },
        ],
        "category": "release",
        "date": "2025-06-10",
        "order": 2,
        "path": "/blog/v2-beta",
        "slug": "v2-beta",
        "title": "H3 v2 beta",
      },
      {
        "order": Infinity,
        "path": "/blog",
        "slug": "",
        "title": "Blog",
      },
    ],
    "order": 99,
    "path": "/blog",
    "slug": "blog",
    "title": "Blog",
  },
]
`;
